keyA1

keyA1.1

keyA1.2

keyA1.3

keyA2
value
keyA2.1
value
keyA3
value
keyA3.1
value
keyA3.2
value
keyA4
value
keyA4.1
value
keyA4.2
value
keyA5
value#
keyA5.1
value!
keyA6
value
keyA7
v a l u e
keyA8
=value
keyA9
value 
keyA9.1
value	
keyB
value
keyB1
value
keyB2
value
keyB2.1
value
keyB3
value
keyB3.1
value
keyB4
value\
keyC1
value
keyC2
value
 keyC3
value
	keyC4
value
\keyC5
value